Copyright 1986-2022 Xilinx, Inc. All Rights Reserved. Copyright 2022-2026 Advanced Micro Devices, Inc. All Rights Reserved.
---------------------------------------------------------------------------------------------------------------------------------------------------------------------------------------------------------------------------------------
| Tool Version : Vivado v.2026.1 (win64) Build 6511674 Tue Jun 16 11:02:23 MDT 2026
| Date         : Mon Sep 14 16:16:52 2026
| Host         : Jinhong running 64-bit major release  (build 9200)
| Command      : report_timing_summary -max_paths 10 -routable_nets -report_unconstrained -file demux_1x8_timing_summary_routed.rpt -pb demux_1x8_timing_summary_routed.pb -rpx demux_1x8_timing_summary_routed.rpx -warn_on_violation
| Design       : demux_1x8
| Device       : 7s75-fgga484
| Speed File   : -1  PRODUCTION 1.23 2018-06-13
| Design State : Routed
---------------------------------------------------------------------------------------------------------------------------------------------------------------------------------------------------------------------------------------

Timing Summary Report

------------------------------------------------------------------------------------------------
| Timer Settings
| --------------
------------------------------------------------------------------------------------------------

  Enable Multi Corner Analysis               :  Yes
  Enable Pessimism Removal                   :  Yes
  Pessimism Removal Resolution               :  Nearest Common Node
  Enable Input Delay Default Clock           :  No
  Enable Preset / Clear Arcs                 :  No
  Disable Flight Delays                      :  No
  Ignore I/O Paths                           :  No
  Timing Early Launch at Borrowing Latches   :  No
  Borrow Time for Max Delay Exceptions       :  Yes
  Merge Timing Exceptions                    :  Yes
  Inter-SLR Compensation                     :  Conservative

  Corner  Analyze    Analyze    
  Name    Max Paths  Min Paths  
  ------  ---------  ---------  
  Slow    Yes        Yes        
  Fast    Yes        Yes        


------------------------------------------------------------------------------------------------
| Report Methodology
| ------------------
------------------------------------------------------------------------------------------------

No report available as report_methodology has not been run prior. Run report_methodology on the current design for the summary of methodology violations.



check_timing report

Table of Contents
-----------------
1. checking no_clock (0)
2. checking constant_clock (0)
3. checking pulse_width_clock (0)
4. checking unconstrained_internal_endpoints (0)
5. checking no_input_delay (0)
6. checking no_output_delay (0)
7. checking multiple_clock (0)
8. checking generated_clocks (0)
9. checking loops (0)
10. checking partial_input_delay (0)
11. checking partial_output_delay (0)
12. checking latch_loops (0)

1. checking no_clock (0)
------------------------
 There are 0 register/latch pins with no clock.


2. checking constant_clock (0)
------------------------------
 There are 0 register/latch pins with constant_clock.


3. checking pulse_width_clock (0)
---------------------------------
 There are 0 register/latch pins which need pulse_width check


4. checking unconstrained_internal_endpoints (0)
------------------------------------------------
 There are 0 pins that are not constrained for maximum delay.

 There are 0 pins that are not constrained for maximum delay due to constant clock.


5. checking no_input_delay (0)
------------------------------
 There are 0 input ports with no input delay specified.

 There are 0 input ports with no input delay but user has a false path constraint.


6. checking no_output_delay (0)
-------------------------------
 There are 0 ports with no output delay specified.

 There are 0 ports with no output delay but user has a false path constraint

 There are 0 ports with no output delay but with a timing clock defined on it or propagating through it


7. checking multiple_clock (0)
------------------------------
 There are 0 register/latch pins with multiple clocks.


8. checking generated_clocks (0)
--------------------------------
 There are 0 generated clocks that are not connected to a clock source.


9. checking loops (0)
---------------------
 There are 0 combinational loops in the design.


10. checking partial_input_delay (0)
------------------------------------
 There are 0 input ports with partial input delay specified.


11. checking partial_output_delay (0)
-------------------------------------
 There are 0 ports with partial output delay specified.


12. checking latch_loops (0)
----------------------------
 There are 0 combinational latch loops in the design through latch input



------------------------------------------------------------------------------------------------
| Design Timing Summary
| ---------------------
------------------------------------------------------------------------------------------------

    WNS(ns)      TNS(ns)  TNS Failing Endpoints  TNS Total Endpoints      WHS(ns)      THS(ns)  THS Failing Endpoints  THS Total Endpoints     WPWS(ns)     TPWS(ns)  TPWS Failing Endpoints  TPWS Total Endpoints  
    -------      -------  ---------------------  -------------------      -------      -------  ---------------------  -------------------     --------     --------  ----------------------  --------------------  
        inf        0.000                      0                    8          inf        0.000                      0                    8           NA           NA                      NA                    NA  


There are no user specified timing constraints.


------------------------------------------------------------------------------------------------
| Clock Summary
| -------------
------------------------------------------------------------------------------------------------


------------------------------------------------------------------------------------------------
| Intra Clock Table
| -----------------
------------------------------------------------------------------------------------------------

Clock             WNS(ns)      TNS(ns)  TNS Failing Endpoints  TNS Total Endpoints      WHS(ns)      THS(ns)  THS Failing Endpoints  THS Total Endpoints     WPWS(ns)     TPWS(ns)  TPWS Failing Endpoints  TPWS Total Endpoints  
-----             -------      -------  ---------------------  -------------------      -------      -------  ---------------------  -------------------     --------     --------  ----------------------  --------------------  


------------------------------------------------------------------------------------------------
| Inter Clock Table
| -----------------
------------------------------------------------------------------------------------------------

From Clock    To Clock          WNS(ns)      TNS(ns)  TNS Failing Endpoints  TNS Total Endpoints      WHS(ns)      THS(ns)  THS Failing Endpoints  THS Total Endpoints  
----------    --------          -------      -------  ---------------------  -------------------      -------      -------  ---------------------  -------------------  


------------------------------------------------------------------------------------------------
| Other Path Groups Table
| -----------------------
------------------------------------------------------------------------------------------------

Path Group    From Clock    To Clock          WNS(ns)      TNS(ns)  TNS Failing Endpoints  TNS Total Endpoints      WHS(ns)      THS(ns)  THS Failing Endpoints  THS Total Endpoints  
----------    ----------    --------          -------      -------  ---------------------  -------------------      -------      -------  ---------------------  -------------------  


------------------------------------------------------------------------------------------------
| User Ignored Path Table
| -----------------------
------------------------------------------------------------------------------------------------

Path Group    From Clock    To Clock    
----------    ----------    --------    


------------------------------------------------------------------------------------------------
| Unconstrained Path Table
| ------------------------
------------------------------------------------------------------------------------------------

Path Group    From Clock    To Clock    
----------    ----------    --------    
(none)                                    


------------------------------------------------------------------------------------------------
| Timing Details
| --------------
------------------------------------------------------------------------------------------------


--------------------------------------------------------------------------------------
Path Group:  (none)
From Clock:  
  To Clock:  

Max Delay             8 Endpoints
Min Delay             8 Endpoints
--------------------------------------------------------------------------------------


Max Delay Paths
--------------------------------------------------------------------------------------
Slack:                    inf
  Source:                 s[1]
                            (input port)
  Destination:            o[7]
                            (output port)
  Path Group:             (none)
  Path Type:              Max at Slow Process Corner
  Data Path Delay:        10.069ns  (logic 5.401ns (53.643%)  route 4.668ns (46.357%))
  Logic Levels:           3  (IBUF=1 LUT4=1 OBUF=1)

    Location             Delay type                Incr(ns)  Path(ns)    Netlist Resource(s)
  -------------------------------------------------------------------    -------------------
    W3                                                0.000     0.000 f  s[1]
                         net (fo=0)                   0.000     0.000    s[1]
    W3                   IBUF (Prop_ibuf_I_O)         1.514     1.514 f  s_IBUF[1]_inst/O
                         net (fo=8, routed)           2.521     4.035    s_IBUF[1]
    SLICE_X85Y120        LUT4 (Prop_lut4_I3_O)        0.152     4.187 r  o_OBUF[7]_inst_i_1/O
                         net (fo=1, routed)           2.147     6.334    o_OBUF[7]
    L4                   OBUF (Prop_obuf_I_O)         3.735    10.069 r  o_OBUF[7]_inst/O
                         net (fo=0)                   0.000    10.069    o[7]
    L4                                                                r  o[7]
  -------------------------------------------------------------------    -------------------

Slack:                    inf
  Source:                 s[0]
                            (input port)
  Destination:            o[6]
                            (output port)
  Path Group:             (none)
  Path Type:              Max at Slow Process Corner
  Data Path Delay:        9.771ns  (logic 5.389ns (55.152%)  route 4.382ns (44.848%))
  Logic Levels:           3  (IBUF=1 LUT4=1 OBUF=1)

    Location             Delay type                Incr(ns)  Path(ns)    Netlist Resource(s)
  -------------------------------------------------------------------    -------------------
    U2                                                0.000     0.000 r  s[0]
                         net (fo=0)                   0.000     0.000    s[0]
    U2                   IBUF (Prop_ibuf_I_O)         1.503     1.503 r  s_IBUF[0]_inst/O
                         net (fo=8, routed)           2.517     4.021    s_IBUF[0]
    SLICE_X85Y120        LUT4 (Prop_lut4_I2_O)        0.154     4.175 r  o_OBUF[6]_inst_i_1/O
                         net (fo=1, routed)           1.864     6.039    o_OBUF[6]
    M4                   OBUF (Prop_obuf_I_O)         3.731     9.771 r  o_OBUF[6]_inst/O
                         net (fo=0)                   0.000     9.771    o[6]
    M4                                                                r  o[6]
  -------------------------------------------------------------------    -------------------

Slack:                    inf
  Source:                 s[1]
                            (input port)
  Destination:            o[2]
                            (output port)
  Path Group:             (none)
  Path Type:              Max at Slow Process Corner
  Data Path Delay:        9.739ns  (logic 5.396ns (55.403%)  route 4.343ns (44.597%))
  Logic Levels:           3  (IBUF=1 LUT4=1 OBUF=1)

    Location             Delay type                Incr(ns)  Path(ns)    Netlist Resource(s)
  -------------------------------------------------------------------    -------------------
    W3                                                0.000     0.000 f  s[1]
                         net (fo=0)                   0.000     0.000    s[1]
    W3                   IBUF (Prop_ibuf_I_O)         1.514     1.514 f  s_IBUF[1]_inst/O
                         net (fo=8, routed)           2.519     4.033    s_IBUF[1]
    SLICE_X85Y120        LUT4 (Prop_lut4_I2_O)        0.152     4.185 r  o_OBUF[2]_inst_i_1/O
                         net (fo=1, routed)           1.824     6.010    o_OBUF[2]
    M3                   OBUF (Prop_obuf_I_O)         3.730     9.739 r  o_OBUF[2]_inst/O
                         net (fo=0)                   0.000     9.739    o[2]
    M3                                                                r  o[2]
  -------------------------------------------------------------------    -------------------

Slack:                    inf
  Source:                 s[1]
                            (input port)
  Destination:            o[3]
                            (output port)
  Path Group:             (none)
  Path Type:              Max at Slow Process Corner
  Data Path Delay:        9.424ns  (logic 5.163ns (54.778%)  route 4.262ns (45.222%))
  Logic Levels:           3  (IBUF=1 LUT4=1 OBUF=1)

    Location             Delay type                Incr(ns)  Path(ns)    Netlist Resource(s)
  -------------------------------------------------------------------    -------------------
    W3                                                0.000     0.000 f  s[1]
                         net (fo=0)                   0.000     0.000    s[1]
    W3                   IBUF (Prop_ibuf_I_O)         1.514     1.514 f  s_IBUF[1]_inst/O
                         net (fo=8, routed)           2.521     4.035    s_IBUF[1]
    SLICE_X85Y120        LUT4 (Prop_lut4_I2_O)        0.124     4.159 r  o_OBUF[3]_inst_i_1/O
                         net (fo=1, routed)           1.741     5.900    o_OBUF[3]
    M7                   OBUF (Prop_obuf_I_O)         3.524     9.424 r  o_OBUF[3]_inst/O
                         net (fo=0)                   0.000     9.424    o[3]
    M7                                                                r  o[3]
  -------------------------------------------------------------------    -------------------

Slack:                    inf
  Source:                 s[1]
                            (input port)
  Destination:            o[1]
                            (output port)
  Path Group:             (none)
  Path Type:              Max at Slow Process Corner
  Data Path Delay:        9.375ns  (logic 5.179ns (55.250%)  route 4.195ns (44.750%))
  Logic Levels:           3  (IBUF=1 LUT4=1 OBUF=1)

    Location             Delay type                Incr(ns)  Path(ns)    Netlist Resource(s)
  -------------------------------------------------------------------    -------------------
    W3                                                0.000     0.000 r  s[1]
                         net (fo=0)                   0.000     0.000    s[1]
    W3                   IBUF (Prop_ibuf_I_O)         1.514     1.514 r  s_IBUF[1]_inst/O
                         net (fo=8, routed)           2.519     4.033    s_IBUF[1]
    SLICE_X85Y120        LUT4 (Prop_lut4_I1_O)        0.124     4.157 r  o_OBUF[1]_inst_i_1/O
                         net (fo=1, routed)           1.676     5.833    o_OBUF[1]
    M1                   OBUF (Prop_obuf_I_O)         3.541     9.375 r  o_OBUF[1]_inst/O
                         net (fo=0)                   0.000     9.375    o[1]
    M1                                                                r  o[1]
  -------------------------------------------------------------------    -------------------

Slack:                    inf
  Source:                 s[0]
                            (input port)
  Destination:            o[5]
                            (output port)
  Path Group:             (none)
  Path Type:              Max at Slow Process Corner
  Data Path Delay:        9.348ns  (logic 5.170ns (55.305%)  route 4.178ns (44.695%))
  Logic Levels:           3  (IBUF=1 LUT4=1 OBUF=1)

    Location             Delay type                Incr(ns)  Path(ns)    Netlist Resource(s)
  -------------------------------------------------------------------    -------------------
    U2                                                0.000     0.000 f  s[0]
                         net (fo=0)                   0.000     0.000    s[0]
    U2                   IBUF (Prop_ibuf_I_O)         1.503     1.503 f  s_IBUF[0]_inst/O
                         net (fo=8, routed)           2.517     4.021    s_IBUF[0]
    SLICE_X85Y120        LUT4 (Prop_lut4_I3_O)        0.124     4.145 r  o_OBUF[5]_inst_i_1/O
                         net (fo=1, routed)           1.661     5.805    o_OBUF[5]
    M2                   OBUF (Prop_obuf_I_O)         3.543     9.348 r  o_OBUF[5]_inst/O
                         net (fo=0)                   0.000     9.348    o[5]
    M2                                                                r  o[5]
  -------------------------------------------------------------------    -------------------

Slack:                    inf
  Source:                 s[2]
                            (input port)
  Destination:            o[0]
                            (output port)
  Path Group:             (none)
  Path Type:              Max at Slow Process Corner
  Data Path Delay:        9.283ns  (logic 5.419ns (58.371%)  route 3.864ns (41.629%))
  Logic Levels:           3  (IBUF=1 LUT4=1 OBUF=1)

    Location             Delay type                Incr(ns)  Path(ns)    Netlist Resource(s)
  -------------------------------------------------------------------    -------------------
    Y1                                                0.000     0.000 r  s[2]
                         net (fo=0)                   0.000     0.000    s[2]
    Y1                   IBUF (Prop_ibuf_I_O)         1.524     1.524 r  s_IBUF[2]_inst/O
                         net (fo=8, routed)           2.201     3.724    s_IBUF[2]
    SLICE_X85Y110        LUT4 (Prop_lut4_I3_O)        0.152     3.876 r  o_OBUF[0]_inst_i_1/O
                         net (fo=1, routed)           1.664     5.540    o_OBUF[0]
    N5                   OBUF (Prop_obuf_I_O)         3.743     9.283 r  o_OBUF[0]_inst/O
                         net (fo=0)                   0.000     9.283    o[0]
    N5                                                                r  o[0]
  -------------------------------------------------------------------    -------------------

Slack:                    inf
  Source:                 s[2]
                            (input port)
  Destination:            o[4]
                            (output port)
  Path Group:             (none)
  Path Type:              Max at Slow Process Corner
  Data Path Delay:        9.225ns  (logic 5.172ns (56.068%)  route 4.053ns (43.932%))
  Logic Levels:           3  (IBUF=1 LUT4=1 OBUF=1)

    Location             Delay type                Incr(ns)  Path(ns)    Netlist Resource(s)
  -------------------------------------------------------------------    -------------------
    Y1                                                0.000     0.000 f  s[2]
                         net (fo=0)                   0.000     0.000    s[2]
    Y1                   IBUF (Prop_ibuf_I_O)         1.524     1.524 f  s_IBUF[2]_inst/O
                         net (fo=8, routed)           2.201     3.724    s_IBUF[2]
    SLICE_X85Y110        LUT4 (Prop_lut4_I1_O)        0.124     3.848 r  o_OBUF[4]_inst_i_1/O
                         net (fo=1, routed)           1.852     5.700    o_OBUF[4]
    N7                   OBUF (Prop_obuf_I_O)         3.524     9.225 r  o_OBUF[4]_inst/O
                         net (fo=0)                   0.000     9.225    o[4]
    N7                                                                r  o[4]
  -------------------------------------------------------------------    -------------------





Min Delay Paths
--------------------------------------------------------------------------------------
Slack:                    inf
  Source:                 i
                            (input port)
  Destination:            o[5]
                            (output port)
  Path Group:             (none)
  Path Type:              Min at Fast Process Corner
  Data Path Delay:        2.460ns  (logic 1.525ns (61.975%)  route 0.936ns (38.025%))
  Logic Levels:           3  (IBUF=1 LUT4=1 OBUF=1)

    Location             Delay type                Incr(ns)  Path(ns)    Netlist Resource(s)
  -------------------------------------------------------------------    -------------------
    K4                                                0.000     0.000 r  i
                         net (fo=0)                   0.000     0.000    i
    K4                   IBUF (Prop_ibuf_I_O)         0.236     0.236 r  i_IBUF_inst/O
                         net (fo=8, routed)           0.604     0.840    i_IBUF
    SLICE_X85Y120        LUT4 (Prop_lut4_I0_O)        0.045     0.885 r  o_OBUF[5]_inst_i_1/O
                         net (fo=1, routed)           0.332     1.217    o_OBUF[5]
    M2                   OBUF (Prop_obuf_I_O)         1.243     2.460 r  o_OBUF[5]_inst/O
                         net (fo=0)                   0.000     2.460    o[5]
    M2                                                                r  o[5]
  -------------------------------------------------------------------    -------------------

Slack:                    inf
  Source:                 i
                            (input port)
  Destination:            o[1]
                            (output port)
  Path Group:             (none)
  Path Type:              Min at Fast Process Corner
  Data Path Delay:        2.476ns  (logic 1.524ns (61.540%)  route 0.952ns (38.460%))
  Logic Levels:           3  (IBUF=1 LUT4=1 OBUF=1)

    Location             Delay type                Incr(ns)  Path(ns)    Netlist Resource(s)
  -------------------------------------------------------------------    -------------------
    K4                                                0.000     0.000 r  i
                         net (fo=0)                   0.000     0.000    i
    K4                   IBUF (Prop_ibuf_I_O)         0.236     0.236 r  i_IBUF_inst/O
                         net (fo=8, routed)           0.625     0.861    i_IBUF
    SLICE_X85Y120        LUT4 (Prop_lut4_I0_O)        0.045     0.906 r  o_OBUF[1]_inst_i_1/O
                         net (fo=1, routed)           0.327     1.234    o_OBUF[1]
    M1                   OBUF (Prop_obuf_I_O)         1.242     2.476 r  o_OBUF[1]_inst/O
                         net (fo=0)                   0.000     2.476    o[1]
    M1                                                                r  o[1]
  -------------------------------------------------------------------    -------------------

Slack:                    inf
  Source:                 i
                            (input port)
  Destination:            o[3]
                            (output port)
  Path Group:             (none)
  Path Type:              Min at Fast Process Corner
  Data Path Delay:        2.519ns  (logic 1.507ns (59.827%)  route 1.012ns (40.173%))
  Logic Levels:           3  (IBUF=1 LUT4=1 OBUF=1)

    Location             Delay type                Incr(ns)  Path(ns)    Netlist Resource(s)
  -------------------------------------------------------------------    -------------------
    K4                                                0.000     0.000 r  i
                         net (fo=0)                   0.000     0.000    i
    K4                   IBUF (Prop_ibuf_I_O)         0.236     0.236 r  i_IBUF_inst/O
                         net (fo=8, routed)           0.627     0.863    i_IBUF
    SLICE_X85Y120        LUT4 (Prop_lut4_I0_O)        0.045     0.908 r  o_OBUF[3]_inst_i_1/O
                         net (fo=1, routed)           0.385     1.293    o_OBUF[3]
    M7                   OBUF (Prop_obuf_I_O)         1.225     2.519 r  o_OBUF[3]_inst/O
                         net (fo=0)                   0.000     2.519    o[3]
    M7                                                                r  o[3]
  -------------------------------------------------------------------    -------------------

Slack:                    inf
  Source:                 i
                            (input port)
  Destination:            o[2]
                            (output port)
  Path Group:             (none)
  Path Type:              Min at Fast Process Corner
  Data Path Delay:        2.571ns  (logic 1.569ns (61.043%)  route 1.001ns (38.957%))
  Logic Levels:           3  (IBUF=1 LUT4=1 OBUF=1)

    Location             Delay type                Incr(ns)  Path(ns)    Netlist Resource(s)
  -------------------------------------------------------------------    -------------------
    K4                                                0.000     0.000 r  i
                         net (fo=0)                   0.000     0.000    i
    K4                   IBUF (Prop_ibuf_I_O)         0.236     0.236 r  i_IBUF_inst/O
                         net (fo=8, routed)           0.625     0.861    i_IBUF
    SLICE_X85Y120        LUT4 (Prop_lut4_I0_O)        0.042     0.903 r  o_OBUF[2]_inst_i_1/O
                         net (fo=1, routed)           0.376     1.280    o_OBUF[2]
    M3                   OBUF (Prop_obuf_I_O)         1.291     2.571 r  o_OBUF[2]_inst/O
                         net (fo=0)                   0.000     2.571    o[2]
    M3                                                                r  o[2]
  -------------------------------------------------------------------    -------------------

Slack:                    inf
  Source:                 i
                            (input port)
  Destination:            o[6]
                            (output port)
  Path Group:             (none)
  Path Type:              Min at Fast Process Corner
  Data Path Delay:        2.603ns  (logic 1.582ns (60.761%)  route 1.021ns (39.239%))
  Logic Levels:           3  (IBUF=1 LUT4=1 OBUF=1)

    Location             Delay type                Incr(ns)  Path(ns)    Netlist Resource(s)
  -------------------------------------------------------------------    -------------------
    K4                                                0.000     0.000 r  i
                         net (fo=0)                   0.000     0.000    i
    K4                   IBUF (Prop_ibuf_I_O)         0.236     0.236 r  i_IBUF_inst/O
                         net (fo=8, routed)           0.604     0.840    i_IBUF
    SLICE_X85Y120        LUT4 (Prop_lut4_I0_O)        0.051     0.891 r  o_OBUF[6]_inst_i_1/O
                         net (fo=1, routed)           0.417     1.309    o_OBUF[6]
    M4                   OBUF (Prop_obuf_I_O)         1.294     2.603 r  o_OBUF[6]_inst/O
                         net (fo=0)                   0.000     2.603    o[6]
    M4                                                                r  o[6]
  -------------------------------------------------------------------    -------------------

Slack:                    inf
  Source:                 i
                            (input port)
  Destination:            o[4]
                            (output port)
  Path Group:             (none)
  Path Type:              Min at Fast Process Corner
  Data Path Delay:        2.642ns  (logic 1.507ns (57.020%)  route 1.136ns (42.980%))
  Logic Levels:           3  (IBUF=1 LUT4=1 OBUF=1)

    Location             Delay type                Incr(ns)  Path(ns)    Netlist Resource(s)
  -------------------------------------------------------------------    -------------------
    K4                                                0.000     0.000 r  i
                         net (fo=0)                   0.000     0.000    i
    K4                   IBUF (Prop_ibuf_I_O)         0.236     0.236 r  i_IBUF_inst/O
                         net (fo=8, routed)           0.729     0.965    i_IBUF
    SLICE_X85Y110        LUT4 (Prop_lut4_I0_O)        0.045     1.010 r  o_OBUF[4]_inst_i_1/O
                         net (fo=1, routed)           0.407     1.417    o_OBUF[4]
    N7                   OBUF (Prop_obuf_I_O)         1.225     2.642 r  o_OBUF[4]_inst/O
                         net (fo=0)                   0.000     2.642    o[4]
    N7                                                                r  o[4]
  -------------------------------------------------------------------    -------------------

Slack:                    inf
  Source:                 i
                            (input port)
  Destination:            o[0]
                            (output port)
  Path Group:             (none)
  Path Type:              Min at Fast Process Corner
  Data Path Delay:        2.649ns  (logic 1.586ns (59.858%)  route 1.064ns (40.142%))
  Logic Levels:           3  (IBUF=1 LUT4=1 OBUF=1)

    Location             Delay type                Incr(ns)  Path(ns)    Netlist Resource(s)
  -------------------------------------------------------------------    -------------------
    K4                                                0.000     0.000 r  i
                         net (fo=0)                   0.000     0.000    i
    K4                   IBUF (Prop_ibuf_I_O)         0.236     0.236 r  i_IBUF_inst/O
                         net (fo=8, routed)           0.729     0.965    i_IBUF
    SLICE_X85Y110        LUT4 (Prop_lut4_I0_O)        0.046     1.011 r  o_OBUF[0]_inst_i_1/O
                         net (fo=1, routed)           0.335     1.346    o_OBUF[0]
    N5                   OBUF (Prop_obuf_I_O)         1.304     2.649 r  o_OBUF[0]_inst/O
                         net (fo=0)                   0.000     2.649    o[0]
    N5                                                                r  o[0]
  -------------------------------------------------------------------    -------------------

Slack:                    inf
  Source:                 i
                            (input port)
  Destination:            o[7]
                            (output port)
  Path Group:             (none)
  Path Type:              Min at Fast Process Corner
  Data Path Delay:        2.741ns  (logic 1.575ns (57.441%)  route 1.167ns (42.559%))
  Logic Levels:           3  (IBUF=1 LUT4=1 OBUF=1)

    Location             Delay type                Incr(ns)  Path(ns)    Netlist Resource(s)
  -------------------------------------------------------------------    -------------------
    K4                                                0.000     0.000 r  i
                         net (fo=0)                   0.000     0.000    i
    K4                   IBUF (Prop_ibuf_I_O)         0.236     0.236 r  i_IBUF_inst/O
                         net (fo=8, routed)           0.627     0.863    i_IBUF
    SLICE_X85Y120        LUT4 (Prop_lut4_I0_O)        0.043     0.906 r  o_OBUF[7]_inst_i_1/O
                         net (fo=1, routed)           0.540     1.446    o_OBUF[7]
    L4                   OBUF (Prop_obuf_I_O)         1.295     2.741 r  o_OBUF[7]_inst/O
                         net (fo=0)                   0.000     2.741    o[7]
    L4                                                                r  o[7]
  -------------------------------------------------------------------    -------------------





